// Jest Snapshot v1, https://goo.gl/fbAQLP

exports[`Probando el componente Counter Probando  que el <Counter /> se muestre correctamente 1`] = `
<Fragment>
  <h1>
    Counter
  </h1>
  <div>
    0
  </div>
  <button
    onClick={[Function]}
  >
    Click me!
  </button>
</Fragment>
`;
